# Task M1-02 — Frob widgets

You are working on **exactly one task** of an automated sequential igris run. Do nothing beyond it.

- Phase: M1 — Widgets
- Plan file: `tasks.md` (find the row for `M1-02`)
- Model rank: opus (opus)
- Owner: agent
- Depends on (all done): M1-01
- Spec: §4.2

## Task

**Frob widgets** — frob them all, then check

## Resumed task

A previous session already worked on this task and may have left partial changes. Before anything else, inspect `git status` and `git diff`, figure out what was done, and continue from there instead of starting over. Commits are off in this run, so the diff can also contain earlier tasks' changes; only continue work that belongs to M1-02.

## How to work

1. Read the project's agent rules (`CLAUDE.md`, `AGENTS.md` if present), the task's row in `tasks.md`, and every spec section or document the task references.
2. Implement the task to the project's definition of done.
3. Don't edit the Status column of the plan; igris updates it.
4. Don't commit. igris won't commit either, so the working tree may already contain uncommitted changes from earlier tasks. Leave them alone; don't revert, reformat or commit them.

If anything needs the owner — a decision, approval, credentials, an unclear spec — ask in this chat and wait.

## Finish

When the task is done and nothing is waiting on the owner, run this as your very last action:

```
igris done M1-02 --note "<one-line summary of what you did>"
```
