# Task M1-04 — Document widgets

You are working on **exactly one task** of an automated sequential igris run. Do nothing beyond it.

- Phase: M1 — Widgets
- Plan file: `tasks.md` (find the row for `M1-04`)
- Model rank: sonnet (sonnet)
- Owner: agent
- Depends on (all done): M1-02

## Task

**Document widgets** — write the guide

## Required reading

Read these paths of the project before changing anything:

- `docs/widgets.md`
- `internal/widget/`

## How to work

1. Read the project's agent rules (`CLAUDE.md`, `AGENTS.md` if present), the task's row in `tasks.md`, the required reading above, and every spec section or document the task references.
2. Implement the task to the project's definition of done.
3. Don't edit the Status column of the plan; igris updates it.
4. Don't commit. igris commits your changes after verification passes.

If anything needs the owner — a decision, approval, credentials, an unclear spec — ask in this chat and wait.

## Finish

When the task is done and nothing is waiting on the owner, run this as your very last action:

```
igris done M1-04 --note "<one-line summary of what you did>"
```
