exit: 1
--- stdout
{
  "issues": [
    {
      "file": "tasks.md",
      "line": 5,
      "message": "dependency cycle a → b → a (each task waits on the next); remove one of these dependencies"
    }
  ],
  "phases": 1,
  "plan": "tasks.md",
  "tasks": 2,
  "valid": false,
  "warnings": []
}
--- stderr
