exit: 0
--- stdout
# igris report · demo

Run 20261002-100000-00ff · 2026-10-02T10:00:00Z → — · interrupted
Phase M2
0 done · 0 skipped · 1 unfinished · 0 commits · needs you 2m00s

## Phase M2

| Task | Result | Duration | Attempts | Verify | Commit | Needs you |
|---|---|---|---|---|---|---|
| M2-01 Wire it up | unfinished | — | 1 | — | — | 2m00s |

Resume
- M2-01: `claude --resume 9aa07c5e-d5cc-43b5-812b-1a20c5336f67` (run it in the project root)
--- stderr
