[1migris[0m · sinjal · no plan · herdr ✓ · mode default                                                                [1mNO PLAN[0m
─ [1mPHASES[0m ──────────────────────────────────────────────────┬─ [1mNOW[0m ──────────────────────────────────────────────────────
[2mtasks.md not found[0m                                         │ [1mNO PLAN · tasks.md not found[0m                               
                                                           │ Write the plan at /src/sinjal/tasks.md, or point plan = in 
                                                           │ igris.toml at it.                                          
                                                           ├─ [1mHEALTH[0m ───────────────────────────────────────────────────
                                                           │ [2m⨯ plan missing · tasks.md not found[0m                        
                                                           │ [1m! doctor: 1 warning — uncommitted changes[0m                  
                                                           ├─ [1mRECENT[0m ───────────────────────────────────────────────────
                                                           │ [2mno runs yet[0m                                                
                                                           │
                                                           │
                                                           │
                                                           │
                                                           │
                                                           │
                                                           │
                                                           │
                                                           │
                                                           │
                                                           │
                                                           │
                                                           │
                                                           │
                                                           │
                                                           │
                                                           │
                                                           │
                                                           │
                                                           │
                                                           │
                                                           │
                                                           │
                                                           │
                                                           │
                                                           │
                                                           │
───────────────────────────────────────────────────────────┴────────────────────────────────────────────────────────────

[1;7m[›Doctor‹][0m [Settings] [Notify] [?] [Quit]