[1migris[0m · sinjal · tasks.md · herdr ✓ · mode auto                                                             [1mPLAN INVALID[0m
─ [1mPHASES[0m ──────────────────────────────────────────────────┬─ [1mNOW[0m ──────────────────────────────────────────────────────
[2mplan invalid — Check shows the problems[0m                    │ [1mPLAN INVALID · tasks.md · 4 problems[0m                       
                                                           │ tasks.md:5: M9-02 depends on unknown task M9-01; check the…
                                                           │ tasks.md:6: M9-03: unknown status "wip" (did you mean in p…
                                                           │ tasks.md:7: M9-04: unknown model rank "gpt"; add it to [mo…
                                                           │ [2m… 1 more — Check shows all[0m                                 
                                                           ├─ [1mHEALTH[0m ───────────────────────────────────────────────────
                                                           │ [1m⨯ plan invalid · 4 problems[0m                                
                                                           │ [1m! doctor: 1 warning — uncommitted changes[0m                  
                                                           ├─ [1mRECENT[0m ───────────────────────────────────────────────────
                                                           │ [2mno runs yet[0m                                                
                                                           │
                                                           │
                                                           │
                                                           │
                                                           │
                                                           │
                                                           │
                                                           │
                                                           │
                                                           │
                                                           │
                                                           │
                                                           │
                                                           │
                                                           │
                                                           │
                                                           │
                                                           │
                                                           │
                                                           │
                                                           │
                                                           │
                                                           │
                                                           │
                                                           │
───────────────────────────────────────────────────────────┴────────────────────────────────────────────────────────────

[1;7m[›Check‹][0m [Adapt] [Doctor] [Edit plan] [Settings] [Notify] [?] [Quit]