[1migris[0m · sinjal · tasks.md · [1mherdr/tmux ⨯[0m · mode auto                                                                [2midle[0m
─ [1mPHASES[0m ──────────────────────────────────────────────────┬─ [1mNOW[0m ──────────────────────────────────────────────────────
  ✓ [2mM0[0m  [2mFoundations                  [0m ██████████ [2m3/3 done[0m  │ [1mREADY · phase M2 Config & state[0m                            
  ✓ [2mM1[0m  [2mPlan parser                  [0m ██████████ [2m2/2 done[0m  │ next  · M2-02  Lock file                             opus  
› · M2  Config & state                ██░░░░░░░░ 1/4 next  │ then  · M2-03  State file                            sonnet
  [2m⨯[0m [2mM3[0m  [2mEngine                       [0m ░░░░░░░░░░ [2m0/3 wait[0m  │ [2m3 left · 2 wait on M2-02[0m                                   
  [2m⨯[0m [2mM4[0m  [2mTUI                          [0m ░░░░░░░░░░ [2m0/2 wait[0m  │ Arise needs herdr or tmux: run igris inside a herdr pane or
                                                           │ a tmux session.                                            
                                                           ├─ [1mHEALTH[0m ───────────────────────────────────────────────────
                                                           │ [2m✓ plan valid · 5 phases · 14 tasks[0m                         
                                                           │ [1m! doctor: 1 warning — uncommitted changes[0m                  
                                                           ├─ [1mRECENT[0m ───────────────────────────────────────────────────
                                                           │ Oct 06 21:10  M2  3 done · 1 skipped · stopped             
                                                           │ Oct 05 18:02  M1  6 done · completed                       
                                                           │
                                                           │
                                                           │
                                                           │
                                                           │
                                                           │
                                                           │
                                                           │
                                                           │
                                                           │
                                                           │
                                                           │
                                                           │
                                                           │
                                                           │
                                                           │
                                                           │
                                                           │
                                                           │
                                                           │
                                                           │
                                                           │
                                                           │
───────────────────────────────────────────────────────────┴────────────────────────────────────────────────────────────

[1;7m[›Preview‹][0m [Check] [Doctor] [History] [Edit plan] [Settings] [Notify] [?] [Quit]