igris · sinjal · no plan · herdr ✓ · mode default                                                                NO PLAN
─ PHASES ──────────────────────────────────────────────────┬─ NOW ──────────────────────────────────────────────────────
tasks.md not found                                         │ GET STARTED                                                
                                                           │ ✓ 1 igris.toml  found                                      
                                                           │ · 2 plan        tasks.md not found                         
                                                           │ · 3 check       —                                          
                                                           │ · 4 preview     —                                          
                                                           │ · 5 arise       —                                          
                                                           │ Example plan writes a small canonical plan to try igris on;
                                                           │ or write your own at /src/sinjal/tasks.md.                 
                                                           ├─ HEALTH ───────────────────────────────────────────────────
                                                           │ ⨯ plan missing · tasks.md not found                        
                                                           │ ! doctor: 1 warning — uncommitted changes                  
                                                           ├─ RECENT ───────────────────────────────────────────────────
                                                           │ no runs yet                                                
                                                           │
                                                           │
                                                           │
                                                           │
                                                           │
                                                           │
                                                           │
                                                           │
                                                           │
                                                           │
                                                           │
                                                           │
                                                           │
                                                           │
                                                           │
                                                           │
                                                           │
                                                           │
                                                           │
                                                           │
                                                           │
                                                           │
───────────────────────────────────────────────────────────┴────────────────────────────────────────────────────────────

[›Example plan‹] [Doctor] [Settings] [Notify] [?] [Quit]