igris · sinjal · herdr ✓                   NO PLAN
── NOW ───────────────────────────────────────────
GET STARTED
✓ 1 igris.toml  found
· 2 plan        tasks.md not found
· 3 check       —
· 4 preview     —
· 5 arise       —
Example plan writes a small canonical plan to try
── PHASES ────────────────────────────────────────
tasks.md not found


── HEALTH ────────────────────────────────────────
⨯ plan missing  ! doctor: 1 warning
── RECENT ────────────────────────────────────────
no runs yet

[›Example plan‹] [Doctor] [Settings] [Notify] [?]
[Quit]