igris · herdr ✓                                                                                               UNREADABLE
─ PHASES ──────────────────────────────────────────────────┬─ NOW ──────────────────────────────────────────────────────
the project can't be read                                  │ could not read the project: permission denied              
                                                           │ Doctor may say why.                                        
                                                           ├─ HEALTH ───────────────────────────────────────────────────
                                                           │ · plan …                                                   
                                                           │ ! doctor: 1 warning — uncommitted changes                  
                                                           ├─ RECENT ───────────────────────────────────────────────────
                                                           │ no runs yet                                                
                                                           │
                                                           │
                                                           │
                                                           │
                                                           │
                                                           │
                                                           │
                                                           │
                                                           │
                                                           │
                                                           │
                                                           │
                                                           │
                                                           │
                                                           │
                                                           │
                                                           │
                                                           │
                                                           │
                                                           │
                                                           │
                                                           │
                                                           │
                                                           │
                                                           │
                                                           │
                                                           │
                                                           │
───────────────────────────────────────────────────────────┴────────────────────────────────────────────────────────────

[›Doctor‹] [Settings] [?] [Quit]