igris · sinjal · herdr ✓                                          CONFIG INVALID
── NOW ─────────────────────────────────────────────────────────────────────────
CONFIG INVALID · igris.toml · 2 problems
igris.toml:3: default_mode: unknown mode "fast"
igris.toml:9: notify.ntfy.events: unknown event "foo"
igris uses the defaults meanwhile. Edit igris.toml from Settings.
── PHASES ──────────────────────────────────────────────────────────────────────
  ✓ M0  Foundations                                         ██████████ 3/3 done
  ✓ M1  Plan parser                                         ██████████ 2/2 done
› · M2  Config & state                                      ██░░░░░░░░ 1/4 next
  ⨯ M3  Engine                                              ░░░░░░░░░░ 0/3 wait
  ⨯ M4  TUI                                                 ░░░░░░░░░░ 0/2 wait



── HEALTH ──────────────────────────────────────────────────────────────────────
✓ plan valid · 5 phases · 14 tasks
⨯ doctor: 1 failure — igris.toml: 2 problems
── RECENT ──────────────────────────────────────────────────────────────────────
Oct 06 21:10  M2  3 done · 1 skipped · stopped
Oct 05 18:02  M1  6 done · completed

[›Settings‹] [Preview] [Check] [Doctor] [History] [Edit plan] [Notify] [?]
[Quit]