igris · sinjal · tasks.md · herdr ⨯ · mode auto                                                                     idle
─ PHASES ──────────────────────────────────────────────────┬─ NOW ──────────────────────────────────────────────────────
  ✓ M0  Foundations                   ██████████ 3/3 done  │ READY · phase M2 Config & state                            
  ✓ M1  Plan parser                   ██████████ 2/2 done  │ next  · M2-02  Lock file                             opus  
› · M2  Config & state                ██░░░░░░░░ 1/4 next  │ then  · M2-03  State file                            sonnet
  ⨯ M3  Engine                        ░░░░░░░░░░ 0/3 wait  │ 3 left · 2 wait on M2-02                                   
  ⨯ M4  TUI                           ░░░░░░░░░░ 0/2 wait  │ Arise needs herdr (not reachable): run igris inside a herdr
                                                           │ pane.                                                      
                                                           ├─ HEALTH ───────────────────────────────────────────────────
                                                           │ ✓ plan valid · 5 phases · 14 tasks                         
                                                           │ ! doctor: 1 warning — uncommitted changes                  
                                                           ├─ RECENT ───────────────────────────────────────────────────
                                                           │ Oct 06 21:10  M2  3 done · 1 skipped · stopped             
                                                           │ Oct 05 18:02  M1  6 done · completed                       
                                                           │
                                                           │
                                                           │
                                                           │
                                                           │
                                                           │
                                                           │
                                                           │
                                                           │
                                                           │
                                                           │
                                                           │
                                                           │
                                                           │
                                                           │
                                                           │
                                                           │
                                                           │
                                                           │
                                                           │
                                                           │
                                                           │
                                                           │
───────────────────────────────────────────────────────────┴────────────────────────────────────────────────────────────

[›Preview‹] [Check] [Doctor] [History] [Edit plan] [Settings] [Notify] [?] [Quit]