[1migris[0m · herdr ✓                                                                                               [1mUNREADABLE[0m
─ [1mPHASES[0m ──────────────────────────────────────────────────┬─ [1mNOW[0m ──────────────────────────────────────────────────────
[2mthe project can't be read[0m                                  │ could not read the project: permission denied              
                                                           │ Doctor may say why.                                        
                                                           ├─ [1mHEALTH[0m ───────────────────────────────────────────────────
                                                           │ [2m· plan …[0m                                                   
                                                           │ [1m! doctor: 1 warning — uncommitted changes[0m                  
                                                           ├─ [1mRECENT[0m ───────────────────────────────────────────────────
                                                           │ [2mno runs yet[0m                                                
                                                           │
                                                           │
                                                           │
                                                           │
                                                           │
                                                           │
                                                           │
                                                           │
                                                           │
                                                           │
                                                           │
                                                           │
                                                           │
                                                           │
                                                           │
                                                           │
                                                           │
                                                           │
                                                           │
                                                           │
                                                           │
                                                           │
                                                           │
                                                           │
                                                           │
                                                           │
                                                           │
                                                           │
───────────────────────────────────────────────────────────┴────────────────────────────────────────────────────────────

[1;7m[›Doctor‹][0m [Settings] [?] [Quit]