igris · sinjal · herdr ✓                   NO PLAN
── NOW ───────────────────────────────────────────
NO PLAN · tasks.md not found
Write the plan at /src/sinjal/tasks.md, or point
plan = in igris.toml at it.
── PHASES ────────────────────────────────────────
tasks.md not found







── HEALTH ────────────────────────────────────────
⨯ plan missing  ! doctor: 1 warning
── RECENT ────────────────────────────────────────
no runs yet

[›Doctor‹] [Settings] [Notify] [?] [Quit]