igris · sinjal · no plan · herdr ✓ · mode default                                                                NO PLAN
─ PHASES ──────────────────────────────────────────────────┬─ NOW ──────────────────────────────────────────────────────
tasks.md not found                                         │ NO PLAN · tasks.md not found                               
                                                           │ Write the plan at /src/sinjal/tasks.md, or point plan = in 
                                                           │ igris.toml at it.                                          
                                                           ├─ HEALTH ───────────────────────────────────────────────────
                                                           │ ⨯ plan missing · tasks.md not found                        
                                                           │ ! doctor: 1 warning — uncommitted changes                  
                                                           ├─ RECENT ───────────────────────────────────────────────────
                                                           │ no runs yet                                                
                                                           │
                                                           │
                                                           │
                                                           │
                                                           │
                                                           │
                                                           │
                                                           │
                                                           │
                                                           │
                                                           │
                                                           │
                                                           │
                                                           │
                                                           │
                                                           │
                                                           │
                                                           │
                                                           │
                                                           │
                                                           │
                                                           │
                                                           │
                                                           │
                                                           │
                                                           │
                                                           │
───────────────────────────────────────────────────────────┴────────────────────────────────────────────────────────────

[›Doctor‹] [Settings] [Notify] [?] [Quit]