igris · sinjal · tasks.md · herdr ✓ · mode default                                                          PLAN INVALID
─ PHASES ──────────────────────────────────────────────────┬─ NOW ──────────────────────────────────────────────────────
plan invalid — Check shows the problems                    │ PLAN INVALID · tasks.md · 4 problems                       
                                                           │ tasks.md:5: M9-02 depends on unknown task M9-01; check the…
                                                           │ tasks.md:6: M9-03: unknown status "wip" (did you mean in p…
                                                           │ tasks.md:7: M9-04: unknown model rank "gpt"; add it to [mo…
                                                           │ … 1 more — Check shows all                                 
                                                           ├─ HEALTH ───────────────────────────────────────────────────
                                                           │ ⨯ plan invalid · 4 problems                                
                                                           │ ! doctor: 1 warning — uncommitted changes                  
                                                           ├─ RECENT ───────────────────────────────────────────────────
                                                           │ no runs yet                                                
                                                           │
                                                           │
                                                           │
                                                           │
                                                           │
                                                           │
                                                           │
                                                           │
                                                           │
                                                           │
                                                           │
                                                           │
                                                           │
                                                           │
                                                           │
                                                           │
                                                           │
                                                           │
                                                           │
                                                           │
                                                           │
                                                           │
                                                           │
                                                           │
                                                           │
───────────────────────────────────────────────────────────┴────────────────────────────────────────────────────────────

[›Check‹] [Adapt] [Doctor] [Edit plan] [Settings] [Notify] [?] [Quit]