[1migris[0m · sinjal · no plan · herdr ✓ · mode auto                                                                   [1mNO PLAN[0m
─ [1mPHASES[0m ──────────────────────────────────────────────────┬─ [1mNOW[0m ──────────────────────────────────────────────────────
[2mtasks.md not found[0m                                         │ [1mGET STARTED[0m                                                
                                                           │ ✓ 1 igris.toml  found                                      
                                                           │ · 2 plan        tasks.md not found                         
                                                           │ · 3 check       —                                          
                                                           │ · 4 preview     —                                          
                                                           │ · 5 arise       —                                          
                                                           │ Example plan writes a small canonical plan to try igris on;
                                                           │ or write your own at /src/sinjal/tasks.md.                 
                                                           ├─ [1mHEALTH[0m ───────────────────────────────────────────────────
                                                           │ [2m⨯ plan missing · tasks.md not found[0m                        
                                                           │ [1m! doctor: 1 warning — uncommitted changes[0m                  
                                                           ├─ [1mRECENT[0m ───────────────────────────────────────────────────
                                                           │ [2mno runs yet[0m                                                
                                                           │
                                                           │
                                                           │
                                                           │
                                                           │
                                                           │
                                                           │
                                                           │
                                                           │
                                                           │
                                                           │
                                                           │
                                                           │
                                                           │
                                                           │
                                                           │
                                                           │
                                                           │
                                                           │
                                                           │
                                                           │
                                                           │
───────────────────────────────────────────────────────────┴────────────────────────────────────────────────────────────

[1;7m[›Example plan‹][0m [Doctor] [Settings] [Notify] [?] [Quit]