igris · herdr ✓                                                       UNREADABLE
── NOW ─────────────────────────────────────────────────────────────────────────
could not read the project: permission denied
Doctor may say why.
── PHASES ──────────────────────────────────────────────────────────────────────
the project can't be read











── HEALTH ──────────────────────────────────────────────────────────────────────
· plan …
! doctor: 1 warning — uncommitted changes
── RECENT ──────────────────────────────────────────────────────────────────────
no runs yet

[›Doctor‹] [Settings] [?] [Quit]