igris · sinjal · M0 · slice 1/3 · mode: plan · he…
── CURRENT ───────────────────────────────────────
M0-03 Makefile
rank sonnet → model sonnet
mode plan · 4m12s · ≈ 10m left
state: working
fmt, lint, test
[o] Open session  [t] Details
── TASKS ─────────────────────────────────────────
 ✓ M0-01 sonnet  ✓ M0-02 sonnet  ● M0-03 sonnet
 · M0-04 opus    · M0-05 user    ⨯ M0-13 sonnet
 – M0-14 haiku


── LOG ───────────────────────────────────────────
09:41 run started: phase M0; from M0-02 until M0-…
09:41 M0-03 started (sonnet → sonnet, plan) · Mak…
09:41 M0-03 session open
[›Open session‹] [Mode] [Task mode] [Pause] [Done]
[Retry] [Skip] [Stop] [?] [Quit]