╭───────────────────────────────────────────────────╮
│ Commit M0-03?                                     │
│                                                   │
│ commit the changes of M0-03 as "M0-03: Makefile"? │
│                                                   │
│ › 1. Commit                                       │
│   2. Leave uncommitted                            │
╰───────────────────────────────────────────────────╯