igris · sinjal · phase M0 · mode: plan · herdr
── CURRENT ───────────────────────────────────────
M0-05 Buy the domain
user task · 0s
state: YOUR TURN
pick a registrar, buy it, then press d
[t] Details
── TASKS ─────────────────────────────────────────
 ✓ M0-01 sonnet  ✓ M0-02 sonnet  ● M0-03 sonnet
 · M0-04 opus    ! M0-05 user    ⨯ M0-13 sonnet
 – M0-14 haiku




── LOG ───────────────────────────────────────────
09:41 M0-05 started (user task) · Buy the domain
09:41 M0-05 is your turn

[›Mode‹] [Pause] [Done] [Skip] [Stop] [?] [Quit]