igris · sinjal · phase M0 · mode: plan · herdr
── CURRENT ───────────────────────────────────────
M0-03 Makefile
rank sonnet → model sonnet
mode plan · 0s
state: WAITING FOR YOUR ANSWER
[o] Open session
[Answer…]
── TASKS ─────────────────────────────────────────
 ✓ M0-01 sonnet  ✓ M0-02 sonnet  ! M0-03 sonnet
 · M0-04 opus    · M0-05 user    ⨯ M0-13 sonnet
 – M0-14 haiku


── LOG ───────────────────────────────────────────
09:41 M0-03 started (sonnet → sonnet, plan) · Mak…
09:41 M0-03 session open
09:41 ? the session of M0-03 is gone
[›Answer…‹] [Open session] [Mode] [Task mode]
[Pause] [Done] [Retry] [Skip] [Stop] [?] [Quit]