Check · c checks again
────────────────────────────────────────────────────────────────────────────────────────────────────────────────────────
✓ plan valid · 5 phases · 14 tasks

3 warnings
! igris.toml:4: unknown key tui.moose
! tasks.md:21: M2-03 has a Status cell that reads as blocked but depends on nothing
! M2-04 is marked ready but waits on M2-03































[Edit plan] [Check again] [Close]