Phase M2 · Config & state · esc closes
────────────────────────────────────────────────────────────────────────────────────────────────────────────────────────
● Outcome  next — M2-02 is next
4 tasks · 1 done · 1 in progress · 2 ready

 ✓ M2-01  Config loader                                                                                           sonnet
›● M2-02  Lock file                                                                                               opus
 · M2-03  State file                                                                                              sonnet
 · M2-04  Signals                                                                                                 haiku






























[Arise this phase…] [Preview this phase] [Edit plan] [Close]