Phase M3 · Engine · esc closes
──────────────────────────────────────────────────
⨯ Outcome  wait — it completes once tasks of othe…
3 tasks · 3 ready

›· M3-01  Scheduler                         opus
 · M3-02  Run loop                          opus
 · M3-03  Verify                            sonnet











[Arise] [Preview] [Edit] [Close]