Settings · igris.toml · e edits
────────────────────────────────────────────────────────────────────────────────────────────────────────────────────────
/src/sinjal/igris.toml

plan              = "tasks.md" · default
backend           = "auto" · default
default_mode      = "default" · default
needs_input_after = "30s" · default
poll_interval     = "2s" · default

[models]
fable  = "fable" · default
haiku  = "haiku" · default
opus   = "opus" · default
sonnet = "sonnet" · default

[columns]
# none set

[claude]
command    = "claude" · default
extra_args = [] · default

[run]
verify              = "" · default
verify_timeout      = "15m0s" · default
verify_max_attempts = 3 · default
commit              = "ask" · default
commit_message      = "{{.ID}}: {{.Title}}" · default
prompt_template     = "" · default

[adapt]
model = "sonnet" · default

[tui]
mouse = true · default
theme = "auto" · default

[tui.rank_colors]
[Edit igris.toml] [Doctor] [Close]