Settings · igris.toml · e edits
──────────────────────────────────────────────────
/src/sinjal/igris.toml

PROBLEMS
  ! warn  claude.command = "claudex" is ignored:
          igris always starts claude from PATH;
          remove it from igris.toml

plan              = "tasks.md" · default
backend           = "auto" · default
default_mode      = "auto" · default
needs_input_after = "30s" · default
poll_interval     = "2s" · default

[models]
fable  = "fable" · default
haiku  = "haiku" · default
opus   = "opus" · default
[Edit igris.toml] [Doctor] [Close]