Settings · igris.toml · e edits
──────────────────────────────────────────────────
/src/sinjal/igris.toml

PROBLEMS
  ⨯ fail  default_mode = "fast" is invalid; use
          one of: default, accept, auto, plan,
          yolo
  ⨯ fail  run.verify_max_attempts must be at least
          1
Until igris.toml is fixed, igris uses the defaults
below.

plan              = "tasks.md" · default
backend           = "auto" · default
default_mode      = "auto" · default
needs_input_after = "30s" · default
poll_interval     = "2s" · default

[Edit igris.toml] [Doctor] [Close]