Settings · igris.toml · e edits
────────────────────────────────────────────────────────────────────────────────────────────────────────────────────────
/src/sinjal/igris.toml

PROBLEMS
  ! warn  claude.command = "claudex" is ignored: igris always starts claude from PATH; remove it from igris.toml

plan              = "tasks.md" · default
backend           = "auto" · default
default_mode      = "default" · default
needs_input_after = "30s" · default
poll_interval     = "2s" · default

[models]
fable  = "fable" · default
haiku  = "haiku" · default
opus   = "opus" · default
sonnet = "sonnet" · default

[columns]
"Depends on" = "Deps"

[claude]
command    = "claude" · default
extra_args = [] · default

[run]
verify              = "make test"
verify_timeout      = "15m0s" · default
verify_max_attempts = 3 · default
commit              = "ask" · default
commit_message      = "{{.ID}}: {{.Title}}" · default
prompt_template     = "" · default

[verify]
# none set

[adapt]
model = "sonnet" · default
[Edit igris.toml] [Doctor] [Close]