┌ igris · sinjal ─────────────────────────────────────────────────────────────────────── phase M0 · mode: plan · herdr ┐
│ TASKS                                                    │ CURRENT                                                   │
│ ✓ M0-01  Go module                                sonnet │ M0-03 Makefile                                            │
│ ✓ M0-02  Entrypoint                               sonnet │ rank sonnet → model sonnet                                │
│ ! M0-03  Makefile                                 sonnet │ mode plan · 0s                                            │
│ · M0-04  Config loader                            opus   │ state: WAITING FOR YOUR ANSWER                            │
│ · M0-05  Buy the domain                           user   │ [o] Open session                                          │
│ ⨯ M0-13  Static assets                            sonnet │ [Answer…]                                                 │
│   waits on P0-05                                         │                                                           │
│ – M0-14  Old idea                                 haiku  │                                                           │
├──────────────────────────────────────────────────────────┴───────────────────────────────────────────────────────────┤
│ 09:41 M0-03 started (sonnet → sonnet, plan) · Makefile                                                               │
│ 09:41 M0-03 session open                                                                                             │
│ 09:41 ? the session of M0-03 is gone                                                                                 │
│                                                                                                                      │
│                                                                                                                      │
│                                                                                                                      │
│                                                                                                                      │
│                                                                                                                      │
│                                                                                                                      │
│                                                                                                                      │
│                                                                                                                      │
│                                                                                                                      │
│                                                                                                                      │
│                                                                                                                      │
│                                                                                                                      │
│                                                                                                                      │
├──────────────────────────────────────────────────────────────────────────────────────────────────────────────────────┤
│ [Open session] [Pause] [Done] [Quit]                                                                                 │
└──────────────────────────────────────────────────────────────────────────────────────────────────────────────────────┘