┌ igris · sinjal ──────────────────────────────────────────────── phase M0 · 3/7 · 42% ████░░░░░░ · mode: plan · herdr ┐
│                                                                                                                      │
│                                                                                                                      │
│                                                                                                                      │
│                                                                                                                      │
│                                                                                                                      │
│                                                                                                                      │
│                                                                                                                      │
│                                                                                                                      │
│                                                                                                                      │
│                                ╭───────────────────────────────────────────────────╮                                 │
│                                │ Commit M0-03?                                     │                                 │
│                                │                                                   │                                 │
│                                │ commit the changes of M0-03 as "M0-03: Makefile"? │                                 │
│                                │                                                   │                                 │
│                                │ › 1. Commit                                       │                                 │
│                                │   2. Leave uncommitted                            │                                 │
│                                ╰───────────────────────────────────────────────────╯                                 │
│                                                                                                                      │
│                                                                                                                      │
│                                                                                                                      │
│                                                                                                                      │
│                                                                                                                      │
│                                                                                                                      │
│                                                                                                                      │
│                                                                                                                      │
│                                                                                                                      │
├──────────────────────────────────────────────────────────────────────────────────────────────────────────────────────┤
│ [Open session] [Mode] [Task mode] [Pause] [Done] [Retry] [Skip] [Stop] [?] [Quit]                                    │
└──────────────────────────────────────────────────────────────────────────────────────────────────────────────────────┘