igris · sinjal · tasks.md · herdr ✓ · mode default                                                                  idle
────────────────────────────────────────────────────────────────────────────────────────────────────────────────────────











                        ╭──────────────────────────────────────────────────────────────────────╮
                        │ Skip permissions?                                                    │
                        │                                                                      │
                        │ Claude Code runs this run's sessions with                            │
                        │ --dangerously-skip-permissions: no permission prompts at all. Type   │
                        │ "skip permissions" to confirm.                                       │
                        │                                                                      │
                        │ Phrase: [▏                                                         ] │
                        │                                                                      │
                        │   1. Cancel                                                          │
                        │   2. Skip permissions                                                │
                        ╰──────────────────────────────────────────────────────────────────────╯












────────────────────────────────────────────────────────────────────────────────────────────────────────────────────────

[Arise…] [Preview] [Check] [Doctor] [History] [Edit plan] [Settings] [Notify] [?] [Quit]