igris · sinjal · tasks.md · herdr ✓ · mode auto                                                                     idle
────────────────────────────────────────────────────────────────────────────────────────────────────────────────────────













                           ╭───────────────────────────────────────────────────────────────╮
                           │ Start the run anyway?                                         │
                           │                                                               │
                           │ warning: ANTHROPIC_API_KEY is set: Claude Code bills that key │
                           │                                                               │
                           │ › 1. Cancel                                                   │
                           │   2. Start anyway                                             │
                           ╰───────────────────────────────────────────────────────────────╯














────────────────────────────────────────────────────────────────────────────────────────────────────────────────────────

[Arise…] [Preview] [Check] [Doctor] [History] [Edit plan] [Settings] [Notify] [?] [Quit]