╭───────────────────────────────────────────────╮
│ The run did not start                         │
│                                               │
│ backend herdr is not available: no socket     │
│                                               │
│ Doctor shows what is wrong with the setup and │
│ what fixes it.                                │
│                                               │
│ › 1. OK                                       │
│   2. Doctor                                   │
╰───────────────────────────────────────────────╯








