igris · sinjal · tasks.md · herdr ✓ · mode default                                                                  idle
────────────────────────────────────────────────────────────────────────────────────────────────────────────────────────












                         ╭────────────────────────────────────────────────────────────────────╮
                         │ Arise M2 through M3 · mode as planned · 6 tasks · first M2-02 opus │
                         │                                                                    │
                         │ warning: the working tree has uncommitted changes                  │
                         │ warning: ANTHROPIC_API_KEY is set: Claude Code bills that key      │
                         │ the interrupted task M2-02 is picked up first                      │
                         │                                                                    │
                         │ › 1. Arise                                                         │
                         │   2. Preview                                                       │
                         │   3. Cancel                                                        │
                         ╰────────────────────────────────────────────────────────────────────╯












────────────────────────────────────────────────────────────────────────────────────────────────────────────────────────

[Arise…] [Preview] [Check] [Doctor] [History] [Edit plan] [Settings] [Notify] [?] [Quit]