igris · sinjal · tasks.md · herdr ✓ · mode auto                                                                     idle
────────────────────────────────────────────────────────────────────────────────────────────────────────────────────────












                                         ╭────────────────────────────────────╮
                                         │ Phase                              │
                                         │                                    │
                                         │ Which phase to run.                │
                                         │                                    │
                                         │ › 1. M2 Config & state · 1/4 next  │
                                         │   2. M3 Engine · 0/3 wait          │
                                         │   3. M4 TUI · 0/2 wait             │
                                         │   4. M0 Foundations · 3/3 complete │
                                         │   5. M1 Plan parser · 2/2 complete │
                                         ╰────────────────────────────────────╯












────────────────────────────────────────────────────────────────────────────────────────────────────────────────────────

[Arise…] [Preview] [Check] [Doctor] [History] [Edit plan] [Settings] [Notify] [?] [Quit]